C51 COMPILER V9.54   MAIN                                                                  11/10/2022 17:29:06 PAGE 1   


C51 COMPILER V9.54, COMPILATION OF MODULE MAIN
OBJECT MODULE PLACED IN .\Objects\main.obj
COMPILER INVOKED BY: D:\keil5\C51\BIN\C51.EXE main.c OPTIMIZE(8,SPEED) BROWSE DEBUG OBJECTEXTEND PRINT(.\Listings\main.l
                    -st) OBJECT(.\Objects\main.obj)

line level    source

   1          #include <reg52.h>
   2          #include <intrins.h>
   3          
   4          
   5          #define DELAY_MS 10
   6          
   7          sbit key1=P3^3;
   8          sbit key2=P3^2;
   9          sbit key3=P3^1;
  10          sbit key4=P3^0;
  11          
  12          typedef unsigned long u16;
  13          typedef unsigned char u8;
  14          
  15          void delay(u16 ms);
  16          
  17          void main()
  18          {
  19   1              u16 a = ~(0x0001), b = 0;
  20   1              char the_8;
  21   1              char the_8_1;
  22   1              u16 k = 0, i = 160;
  23   1              key1=1;
  24   1              key2=1;
  25   1              key3=1;
  26   1              key4=1;
  27   1                                      
  28   1              while(1)
  29   1              {
  30   2      
  31   2                      if(key1==0)
  32   2                      {
  33   3                              delay(DELAY_MS);
  34   3                              if(key1==0)
  35   3                              {
  36   4                                      P0 = 0xff;
  37   4                                      P2 = 0xff;
  38   4                                      i = 8;
  39   4                                      P0 = 0xfe;
  40   4                                      for(k = 0; k < 8; k++)
  41   4                                      {
  42   5                                              delay(DELAY_MS);
  43   5                                              P0 = P0 << 1;
  44   5                                      }
  45   4                                      the_8_1 = 0x7f;
  46   4                                      for(k = 0; k < 8; k++)
  47   4                                      {
  48   5                                              
  49   5                                              the_8_1 = the_8_1 >> 1;
  50   5                                              P2 = the_8_1;
  51   5                                              delay(DELAY_MS);
  52   5                                      }
  53   4                              }
  54   3                      }
C51 COMPILER V9.54   MAIN                                                                  11/10/2022 17:29:06 PAGE 2   

  55   2              }
  56   1      
  57   1      }
*** WARNING C280 IN LINE 20 OF main.c: 'the_8': unreferenced local variable
  58          //剩余三个按键大家可以自由发挥
  59          
  60          
  61          void delay(u16 n)
  62          {
  63   1              u16 i = 0, j = 0;
  64   1              for (i = 0; i < n; i++)
  65   1              for (j = 0; j < 123; j++);
  66   1      }


MODULE INFORMATION:   STATIC OVERLAYABLE
   CODE SIZE        =    339    ----
   CONSTANT SIZE    =   ----    ----
   XDATA SIZE       =   ----    ----
   PDATA SIZE       =   ----    ----
   DATA SIZE        =   ----      30
   IDATA SIZE       =   ----    ----
   BIT SIZE         =   ----    ----
END OF MODULE INFORMATION.


C51 COMPILATION COMPLETE.  1 WARNING(S),  0 ERROR(S)
